Compiling 94 files with Solc 0.8.26
Solc 0.8.26 finished in <elapsed>
Compiler run successful with warnings:
Warning (5667): Unused function parameter. Remove or comment out the variable name to silence this warning.
   --> lib/openzeppelin-uniswap-hooks/src/base/BaseCustomAccounting.sol:303:59:
    |
303 |     function _handleAccruedFees(CallbackData memory data, BalanceDelta callerDelta, BalanceDelta feesAccrued)
    |                                                           ^^^^^^^^^^^^^^^^^^^^^^^^

Warning (2018): Function state mutability can be restricted to pure
   --> test/ArbFoldCleanCoreBenchmark.t.sol:349:5:
    |
349 |     function _logScenario(string memory kind, uint256 path, ScenarioResult memory result) private view {
    |     ^ (Relevant source part starts here and spans across multiple lines).


Ran 4 tests for test/ArbFoldCleanCoreBenchmark.t.sol:ArbFoldCleanCoreBenchmarkTest
[PASS] test_ReportCleanCoreGasGrid() (gas: 4786560)
Logs:
  CLEAN_CORE_SIZE 10000000000000000000000
  CLEAN_CORE_BACKRUN_TOTAL 407292
  CLEAN_CORE_DIRECT_TOTAL 327669
  CLEAN_CORE_GAS_RATIO_BPS 8045
  CLEAN_CORE_SIZE 25000000000000000000000
  CLEAN_CORE_BACKRUN_TOTAL 409402
  CLEAN_CORE_DIRECT_TOTAL 329777
  CLEAN_CORE_GAS_RATIO_BPS 8055
  CLEAN_CORE_SIZE 50000000000000000000000
  CLEAN_CORE_BACKRUN_TOTAL 544219
  CLEAN_CORE_DIRECT_TOTAL 375171
  CLEAN_CORE_GAS_RATIO_BPS 6893
  CLEAN_CORE_SIZE 100000000000000000000000
  CLEAN_CORE_BACKRUN_TOTAL 544219
  CLEAN_CORE_DIRECT_TOTAL 375171
  CLEAN_CORE_GAS_RATIO_BPS 6893
  CLEAN_CORE_SIZE 200000000000000000000000
  CLEAN_CORE_BACKRUN_TOTAL 544209
  CLEAN_CORE_DIRECT_TOTAL 375160
  CLEAN_CORE_GAS_RATIO_BPS 6893

[PASS] test_ReportV01DenseSweep() (gas: 198920620)
Logs:
  V01_SWEEP_INPUT 1000000000000000000000
  V01_SWEEP_REFERENCE_TOTAL 190065
  V01_SWEEP_DIRECT_TOTAL 221568
  V01_SWEEP_ROUNDS 0
  V01_SWEEP_INPUT 2000000000000000000000
  V01_SWEEP_REFERENCE_TOTAL 190065
  V01_SWEEP_DIRECT_TOTAL 221569
  V01_SWEEP_ROUNDS 0
  V01_SWEEP_INPUT 3000000000000000000000
  V01_SWEEP_REFERENCE_TOTAL 190066
  V01_SWEEP_DIRECT_TOTAL 221570
  V01_SWEEP_ROUNDS 0
  V01_SWEEP_INPUT 4000000000000000000000
  V01_SWEEP_REFERENCE_TOTAL 190067
  V01_SWEEP_DIRECT_TOTAL 221570
  V01_SWEEP_ROUNDS 0
  V01_SWEEP_INPUT 5000000000000000000000
  V01_SWEEP_REFERENCE_TOTAL 407296
  V01_SWEEP_DIRECT_TOTAL 327673
  V01_SWEEP_ROUNDS 1
  V01_SWEEP_INPUT 6000000000000000000000
  V01_SWEEP_REFERENCE_TOTAL 407297
  V01_SWEEP_DIRECT_TOTAL 327673
  V01_SWEEP_ROUNDS 1
  V01_SWEEP_INPUT 7000000000000000000000
  V01_SWEEP_REFERENCE_TOTAL 407298
  V01_SWEEP_DIRECT_TOTAL 327674
  V01_SWEEP_ROUNDS 1
  V01_SWEEP_INPUT 8000000000000000000000
  V01_SWEEP_REFERENCE_TOTAL 407287
  V01_SWEEP_DIRECT_TOTAL 327663
  V01_SWEEP_ROUNDS 1
  V01_SWEEP_INPUT 9000000000000000000000
  V01_SWEEP_REFERENCE_TOTAL 407300
  V01_SWEEP_DIRECT_TOTAL 327677
  V01_SWEEP_ROUNDS 1
  V01_SWEEP_INPUT 10000000000000000000000
  V01_SWEEP_REFERENCE_TOTAL 407301
  V01_SWEEP_DIRECT_TOTAL 327677
  V01_SWEEP_ROUNDS 1
  V01_SWEEP_INPUT 11000000000000000000000
  V01_SWEEP_REFERENCE_TOTAL 407302
  V01_SWEEP_DIRECT_TOTAL 327679
  V01_SWEEP_ROUNDS 1
  V01_SWEEP_INPUT 12000000000000000000000
  V01_SWEEP_REFERENCE_TOTAL 407303
  V01_SWEEP_DIRECT_TOTAL 327679
  V01_SWEEP_ROUNDS 1
  V01_SWEEP_INPUT 13000000000000000000000
  V01_SWEEP_REFERENCE_TOTAL 407304
  V01_SWEEP_DIRECT_TOTAL 327680
  V01_SWEEP_ROUNDS 1
  V01_SWEEP_INPUT 14000000000000000000000
  V01_SWEEP_REFERENCE_TOTAL 407305
  V01_SWEEP_DIRECT_TOTAL 327681
  V01_SWEEP_ROUNDS 1
  V01_SWEEP_INPUT 15000000000000000000000
  V01_SWEEP_REFERENCE_TOTAL 409414
  V01_SWEEP_DIRECT_TOTAL 329790
  V01_SWEEP_ROUNDS 1
  V01_SWEEP_INPUT 16000000000000000000000
  V01_SWEEP_REFERENCE_TOTAL 409403
  V01_SWEEP_DIRECT_TOTAL 329779
  V01_SWEEP_ROUNDS 1
  V01_SWEEP_INPUT 17000000000000000000000
  V01_SWEEP_REFERENCE_TOTAL 409416
  V01_SWEEP_DIRECT_TOTAL 329792
  V01_SWEEP_ROUNDS 1
  V01_SWEEP_INPUT 18000000000000000000000
  V01_SWEEP_REFERENCE_TOTAL 409417
  V01_SWEEP_DIRECT_TOTAL 329793
  V01_SWEEP_ROUNDS 1
  V01_SWEEP_INPUT 19000000000000000000000
  V01_SWEEP_REFERENCE_TOTAL 409417
  V01_SWEEP_DIRECT_TOTAL 329794
  V01_SWEEP_ROUNDS 1
  V01_SWEEP_INPUT 20000000000000000000000
  V01_SWEEP_REFERENCE_TOTAL 409418
  V01_SWEEP_DIRECT_TOTAL 329795
  V01_SWEEP_ROUNDS 1
  V01_SWEEP_INPUT 21000000000000000000000
  V01_SWEEP_REFERENCE_TOTAL 409419
  V01_SWEEP_DIRECT_TOTAL 329796
  V01_SWEEP_ROUNDS 1
  V01_SWEEP_INPUT 22000000000000000000000
  V01_SWEEP_REFERENCE_TOTAL 409421
  V01_SWEEP_DIRECT_TOTAL 329797
  V01_SWEEP_ROUNDS 1
  V01_SWEEP_INPUT 23000000000000000000000
  V01_SWEEP_REFERENCE_TOTAL 409410
  V01_SWEEP_DIRECT_TOTAL 329786
  V01_SWEEP_ROUNDS 1
  V01_SWEEP_INPUT 24000000000000000000000
  V01_SWEEP_REFERENCE_TOTAL 409410
  V01_SWEEP_DIRECT_TOTAL 329787
  V01_SWEEP_ROUNDS 1
  V01_SWEEP_INPUT 25000000000000000000000
  V01_SWEEP_REFERENCE_TOTAL 409423
  V01_SWEEP_DIRECT_TOTAL 329800
  V01_SWEEP_ROUNDS 1
  V01_SWEEP_INPUT 26000000000000000000000
  V01_SWEEP_REFERENCE_TOTAL 409425
  V01_SWEEP_DIRECT_TOTAL 329800
  V01_SWEEP_ROUNDS 1
  V01_SWEEP_INPUT 27000000000000000000000
  V01_SWEEP_REFERENCE_TOTAL 409425
  V01_SWEEP_DIRECT_TOTAL 329802
  V01_SWEEP_ROUNDS 1
  V01_SWEEP_INPUT 28000000000000000000000
  V01_SWEEP_REFERENCE_TOTAL 409427
  V01_SWEEP_DIRECT_TOTAL 329803
  V01_SWEEP_ROUNDS 1
  V01_SWEEP_INPUT 29000000000000000000000
  V01_SWEEP_REFERENCE_TOTAL 409427
  V01_SWEEP_DIRECT_TOTAL 329803
  V01_SWEEP_ROUNDS 1
  V01_SWEEP_INPUT 30000000000000000000000
  V01_SWEEP_REFERENCE_TOTAL 409429
  V01_SWEEP_DIRECT_TOTAL 329805
  V01_SWEEP_ROUNDS 1
  V01_SWEEP_INPUT 31000000000000000000000
  V01_SWEEP_REFERENCE_TOTAL 409429
  V01_SWEEP_DIRECT_TOTAL 329806
  V01_SWEEP_ROUNDS 1
  V01_SWEEP_INPUT 32000000000000000000000
  V01_SWEEP_REFERENCE_TOTAL 409418
  V01_SWEEP_DIRECT_TOTAL 329794
  V01_SWEEP_ROUNDS 1
  V01_SWEEP_INPUT 33000000000000000000000
  V01_SWEEP_REFERENCE_TOTAL 409432
  V01_SWEEP_DIRECT_TOTAL 329807
  V01_SWEEP_ROUNDS 1
  V01_SWEEP_INPUT 34000000000000000000000
  V01_SWEEP_REFERENCE_TOTAL 409432
  V01_SWEEP_DIRECT_TOTAL 329809
  V01_SWEEP_ROUNDS 1
  V01_SWEEP_INPUT 35000000000000000000000
  V01_SWEEP_REFERENCE_TOTAL 409433
  V01_SWEEP_DIRECT_TOTAL 329809
  V01_SWEEP_ROUNDS 1
  V01_SWEEP_INPUT 36000000000000000000000
  V01_SWEEP_REFERENCE_TOTAL 409434
  V01_SWEEP_DIRECT_TOTAL 329810
  V01_SWEEP_ROUNDS 1
  V01_SWEEP_INPUT 37000000000000000000000
  V01_SWEEP_REFERENCE_TOTAL 544251
  V01_SWEEP_DIRECT_TOTAL 375203
  V01_SWEEP_ROUNDS 2
  V01_SWEEP_INPUT 38000000000000000000000
  V01_SWEEP_REFERENCE_TOTAL 544252
  V01_SWEEP_DIRECT_TOTAL 375205
  V01_SWEEP_ROUNDS 2
  V01_SWEEP_INPUT 39000000000000000000000
  V01_SWEEP_REFERENCE_TOTAL 544253
  V01_SWEEP_DIRECT_TOTAL 375205
  V01_SWEEP_ROUNDS 2
  V01_SWEEP_INPUT 40000000000000000000000
  V01_SWEEP_REFERENCE_TOTAL 544242
  V01_SWEEP_DIRECT_TOTAL 375194
  V01_SWEEP_ROUNDS 2
  V01_SWEEP_INPUT 41000000000000000000000
  V01_SWEEP_REFERENCE_TOTAL 544255
  V01_SWEEP_DIRECT_TOTAL 375207
  V01_SWEEP_ROUNDS 2
  V01_SWEEP_INPUT 42000000000000000000000
  V01_SWEEP_REFERENCE_TOTAL 544256
  V01_SWEEP_DIRECT_TOTAL 375208
  V01_SWEEP_ROUNDS 2
  V01_SWEEP_INPUT 43000000000000000000000
  V01_SWEEP_REFERENCE_TOTAL 544257
  V01_SWEEP_DIRECT_TOTAL 375209
  V01_SWEEP_ROUNDS 2
  V01_SWEEP_INPUT 44000000000000000000000
  V01_SWEEP_REFERENCE_TOTAL 544258
  V01_SWEEP_DIRECT_TOTAL 375210
  V01_SWEEP_ROUNDS 2
  V01_SWEEP_INPUT 45000000000000000000000
  V01_SWEEP_REFERENCE_TOTAL 544259
  V01_SWEEP_DIRECT_TOTAL 375211
  V01_SWEEP_ROUNDS 2
  V01_SWEEP_INPUT 46000000000000000000000
  V01_SWEEP_REFERENCE_TOTAL 544248
  V01_SWEEP_DIRECT_TOTAL 375200
  V01_SWEEP_ROUNDS 2
  V01_SWEEP_INPUT 47000000000000000000000
  V01_SWEEP_REFERENCE_TOTAL 544260
  V01_SWEEP_DIRECT_TOTAL 375213
  V01_SWEEP_ROUNDS 2
  V01_SWEEP_INPUT 48000000000000000000000
  V01_SWEEP_REFERENCE_TOTAL 544250
  V01_SWEEP_DIRECT_TOTAL 375202
  V01_SWEEP_ROUNDS 2
  V01_SWEEP_INPUT 49000000000000000000000
  V01_SWEEP_REFERENCE_TOTAL 544263
  V01_SWEEP_DIRECT_TOTAL 375215
  V01_SWEEP_ROUNDS 2
  V01_SWEEP_INPUT 50000000000000000000000
  V01_SWEEP_REFERENCE_TOTAL 544263
  V01_SWEEP_DIRECT_TOTAL 375216
  V01_SWEEP_ROUNDS 2
  V01_SWEEP_INPUT 51000000000000000000000
  V01_SWEEP_REFERENCE_TOTAL 544265
  V01_SWEEP_DIRECT_TOTAL 375217
  V01_SWEEP_ROUNDS 2
  V01_SWEEP_INPUT 52000000000000000000000
  V01_SWEEP_REFERENCE_TOTAL 544265
  V01_SWEEP_DIRECT_TOTAL 375218
  V01_SWEEP_ROUNDS 2
  V01_SWEEP_INPUT 53000000000000000000000
  V01_SWEEP_REFERENCE_TOTAL 544267
  V01_SWEEP_DIRECT_TOTAL 375218
  V01_SWEEP_ROUNDS 2
  V01_SWEEP_INPUT 54000000000000000000000
  V01_SWEEP_REFERENCE_TOTAL 544267
  V01_SWEEP_DIRECT_TOTAL 375220
  V01_SWEEP_ROUNDS 2
  V01_SWEEP_INPUT 55000000000000000000000
  V01_SWEEP_REFERENCE_TOTAL 544269
  V01_SWEEP_DIRECT_TOTAL 375221
  V01_SWEEP_ROUNDS 2
  V01_SWEEP_INPUT 56000000000000000000000
  V01_SWEEP_REFERENCE_TOTAL 544258
  V01_SWEEP_DIRECT_TOTAL 375210
  V01_SWEEP_ROUNDS 2
  V01_SWEEP_INPUT 57000000000000000000000
  V01_SWEEP_REFERENCE_TOTAL 544270
  V01_SWEEP_DIRECT_TOTAL 375222
  V01_SWEEP_ROUNDS 2
  V01_SWEEP_INPUT 58000000000000000000000
  V01_SWEEP_REFERENCE_TOTAL 544271
  V01_SWEEP_DIRECT_TOTAL 375223
  V01_SWEEP_ROUNDS 2
  V01_SWEEP_INPUT 59000000000000000000000
  V01_SWEEP_REFERENCE_TOTAL 544273
  V01_SWEEP_DIRECT_TOTAL 375224
  V01_SWEEP_ROUNDS 2
  V01_SWEEP_INPUT 60000000000000000000000
  V01_SWEEP_REFERENCE_TOTAL 544274
  V01_SWEEP_DIRECT_TOTAL 375225
  V01_SWEEP_ROUNDS 2
  V01_SWEEP_INPUT 61000000000000000000000
  V01_SWEEP_REFERENCE_TOTAL 544275
  V01_SWEEP_DIRECT_TOTAL 375226
  V01_SWEEP_ROUNDS 2
  V01_SWEEP_INPUT 62000000000000000000000
  V01_SWEEP_REFERENCE_TOTAL 544275
  V01_SWEEP_DIRECT_TOTAL 375227
  V01_SWEEP_ROUNDS 2
  V01_SWEEP_INPUT 63000000000000000000000
  V01_SWEEP_REFERENCE_TOTAL 544276
  V01_SWEEP_DIRECT_TOTAL 375228
  V01_SWEEP_ROUNDS 2
  V01_SWEEP_INPUT 64000000000000000000000
  V01_SWEEP_REFERENCE_TOTAL 544265
  V01_SWEEP_DIRECT_TOTAL 375217
  V01_SWEEP_ROUNDS 2
  V01_SWEEP_INPUT 65000000000000000000000
  V01_SWEEP_REFERENCE_TOTAL 544278
  V01_SWEEP_DIRECT_TOTAL 375231
  V01_SWEEP_ROUNDS 2
  V01_SWEEP_INPUT 66000000000000000000000
  V01_SWEEP_REFERENCE_TOTAL 544279
  V01_SWEEP_DIRECT_TOTAL 375232
  V01_SWEEP_ROUNDS 2
  V01_SWEEP_INPUT 67000000000000000000000
  V01_SWEEP_REFERENCE_TOTAL 544280
  V01_SWEEP_DIRECT_TOTAL 375232
  V01_SWEEP_ROUNDS 2
  V01_SWEEP_INPUT 68000000000000000000000
  V01_SWEEP_REFERENCE_TOTAL 544281
  V01_SWEEP_DIRECT_TOTAL 375233
  V01_SWEEP_ROUNDS 2
  V01_SWEEP_INPUT 69000000000000000000000
  V01_SWEEP_REFERENCE_TOTAL 544282
  V01_SWEEP_DIRECT_TOTAL 375235
  V01_SWEEP_ROUNDS 2
  V01_SWEEP_INPUT 70000000000000000000000
  V01_SWEEP_REFERENCE_TOTAL 544283
  V01_SWEEP_DIRECT_TOTAL 375235
  V01_SWEEP_ROUNDS 2
  V01_SWEEP_INPUT 71000000000000000000000
  V01_SWEEP_REFERENCE_TOTAL 544284
  V01_SWEEP_DIRECT_TOTAL 375236
  V01_SWEEP_ROUNDS 2
  V01_SWEEP_INPUT 72000000000000000000000
  V01_SWEEP_REFERENCE_TOTAL 544273
  V01_SWEEP_DIRECT_TOTAL 375225
  V01_SWEEP_ROUNDS 2
  V01_SWEEP_INPUT 73000000000000000000000
  V01_SWEEP_REFERENCE_TOTAL 544286
  V01_SWEEP_DIRECT_TOTAL 375238
  V01_SWEEP_ROUNDS 2
  V01_SWEEP_INPUT 74000000000000000000000
  V01_SWEEP_REFERENCE_TOTAL 544286
  V01_SWEEP_DIRECT_TOTAL 375239
  V01_SWEEP_ROUNDS 2
  V01_SWEEP_INPUT 75000000000000000000000
  V01_SWEEP_REFERENCE_TOTAL 544288
  V01_SWEEP_DIRECT_TOTAL 375240
  V01_SWEEP_ROUNDS 2
  V01_SWEEP_INPUT 76000000000000000000000
  V01_SWEEP_REFERENCE_TOTAL 544289
  V01_SWEEP_DIRECT_TOTAL 375241
  V01_SWEEP_ROUNDS 2
  V01_SWEEP_INPUT 77000000000000000000000
  V01_SWEEP_REFERENCE_TOTAL 544290
  V01_SWEEP_DIRECT_TOTAL 375242
  V01_SWEEP_ROUNDS 2
  V01_SWEEP_INPUT 78000000000000000000000
  V01_SWEEP_REFERENCE_TOTAL 544290
  V01_SWEEP_DIRECT_TOTAL 375243
  V01_SWEEP_ROUNDS 2
  V01_SWEEP_INPUT 79000000000000000000000
  V01_SWEEP_REFERENCE_TOTAL 544291
  V01_SWEEP_DIRECT_TOTAL 375244
  V01_SWEEP_ROUNDS 2
  V01_SWEEP_INPUT 80000000000000000000000
  V01_SWEEP_REFERENCE_TOTAL 544281
  V01_SWEEP_DIRECT_TOTAL 375233
  V01_SWEEP_ROUNDS 2
  V01_SWEEP_INPUT 81000000000000000000000
  V01_SWEEP_REFERENCE_TOTAL 544294
  V01_SWEEP_DIRECT_TOTAL 375246
  V01_SWEEP_ROUNDS 2
  V01_SWEEP_INPUT 82000000000000000000000
  V01_SWEEP_REFERENCE_TOTAL 544294
  V01_SWEEP_DIRECT_TOTAL 375247
  V01_SWEEP_ROUNDS 2
  V01_SWEEP_INPUT 83000000000000000000000
  V01_SWEEP_REFERENCE_TOTAL 544295
  V01_SWEEP_DIRECT_TOTAL 375248
  V01_SWEEP_ROUNDS 2
  V01_SWEEP_INPUT 84000000000000000000000
  V01_SWEEP_REFERENCE_TOTAL 544296
  V01_SWEEP_DIRECT_TOTAL 375249
  V01_SWEEP_ROUNDS 2
  V01_SWEEP_INPUT 85000000000000000000000
  V01_SWEEP_REFERENCE_TOTAL 544297
  V01_SWEEP_DIRECT_TOTAL 375250
  V01_SWEEP_ROUNDS 2
  V01_SWEEP_INPUT 86000000000000000000000
  V01_SWEEP_REFERENCE_TOTAL 544299
  V01_SWEEP_DIRECT_TOTAL 375251
  V01_SWEEP_ROUNDS 2
  V01_SWEEP_INPUT 87000000000000000000000
  V01_SWEEP_REFERENCE_TOTAL 544300
  V01_SWEEP_DIRECT_TOTAL 375252
  V01_SWEEP_ROUNDS 2
  V01_SWEEP_INPUT 88000000000000000000000
  V01_SWEEP_REFERENCE_TOTAL 544288
  V01_SWEEP_DIRECT_TOTAL 375240
  V01_SWEEP_ROUNDS 2
  V01_SWEEP_INPUT 89000000000000000000000
  V01_SWEEP_REFERENCE_TOTAL 544301
  V01_SWEEP_DIRECT_TOTAL 375253
  V01_SWEEP_ROUNDS 2
  V01_SWEEP_INPUT 90000000000000000000000
  V01_SWEEP_REFERENCE_TOTAL 544303
  V01_SWEEP_DIRECT_TOTAL 375255
  V01_SWEEP_ROUNDS 2
  V01_SWEEP_INPUT 91000000000000000000000
  V01_SWEEP_REFERENCE_TOTAL 544303
  V01_SWEEP_DIRECT_TOTAL 375256
  V01_SWEEP_ROUNDS 2
  V01_SWEEP_INPUT 92000000000000000000000
  V01_SWEEP_REFERENCE_TOTAL 544304
  V01_SWEEP_DIRECT_TOTAL 375256
  V01_SWEEP_ROUNDS 2
  V01_SWEEP_INPUT 93000000000000000000000
  V01_SWEEP_REFERENCE_TOTAL 544305
  V01_SWEEP_DIRECT_TOTAL 375258
  V01_SWEEP_ROUNDS 2
  V01_SWEEP_INPUT 94000000000000000000000
  V01_SWEEP_REFERENCE_TOTAL 544306
  V01_SWEEP_DIRECT_TOTAL 375258
  V01_SWEEP_ROUNDS 2
  V01_SWEEP_INPUT 95000000000000000000000
  V01_SWEEP_REFERENCE_TOTAL 544307
  V01_SWEEP_DIRECT_TOTAL 375259
  V01_SWEEP_ROUNDS 2
  V01_SWEEP_INPUT 96000000000000000000000
  V01_SWEEP_REFERENCE_TOTAL 544296
  V01_SWEEP_DIRECT_TOTAL 375248
  V01_SWEEP_ROUNDS 2
  V01_SWEEP_INPUT 97000000000000000000000
  V01_SWEEP_REFERENCE_TOTAL 544309
  V01_SWEEP_DIRECT_TOTAL 375262
  V01_SWEEP_ROUNDS 2
  V01_SWEEP_INPUT 98000000000000000000000
  V01_SWEEP_REFERENCE_TOTAL 544310
  V01_SWEEP_DIRECT_TOTAL 375262
  V01_SWEEP_ROUNDS 2
  V01_SWEEP_INPUT 99000000000000000000000
  V01_SWEEP_REFERENCE_TOTAL 544311
  V01_SWEEP_DIRECT_TOTAL 375264
  V01_SWEEP_ROUNDS 2
  V01_SWEEP_INPUT 100000000000000000000000
  V01_SWEEP_REFERENCE_TOTAL 544312
  V01_SWEEP_DIRECT_TOTAL 375264
  V01_SWEEP_ROUNDS 2
  V01_SWEEP_INPUT 101000000000000000000000
  V01_SWEEP_REFERENCE_TOTAL 544313
  V01_SWEEP_DIRECT_TOTAL 375265
  V01_SWEEP_ROUNDS 2
  V01_SWEEP_INPUT 102000000000000000000000
  V01_SWEEP_REFERENCE_TOTAL 544314
  V01_SWEEP_DIRECT_TOTAL 375266
  V01_SWEEP_ROUNDS 2
  V01_SWEEP_INPUT 103000000000000000000000
  V01_SWEEP_REFERENCE_TOTAL 544315
  V01_SWEEP_DIRECT_TOTAL 375267
  V01_SWEEP_ROUNDS 2
  V01_SWEEP_INPUT 104000000000000000000000
  V01_SWEEP_REFERENCE_TOTAL 544304
  V01_SWEEP_DIRECT_TOTAL 375256
  V01_SWEEP_ROUNDS 2
  V01_SWEEP_INPUT 105000000000000000000000
  V01_SWEEP_REFERENCE_TOTAL 544317
  V01_SWEEP_DIRECT_TOTAL 375269
  V01_SWEEP_ROUNDS 2
  V01_SWEEP_INPUT 106000000000000000000000
  V01_SWEEP_REFERENCE_TOTAL 544318
  V01_SWEEP_DIRECT_TOTAL 375270
  V01_SWEEP_ROUNDS 2
  V01_SWEEP_INPUT 107000000000000000000000
  V01_SWEEP_REFERENCE_TOTAL 544319
  V01_SWEEP_DIRECT_TOTAL 375271
  V01_SWEEP_ROUNDS 2
  V01_SWEEP_INPUT 108000000000000000000000
  V01_SWEEP_REFERENCE_TOTAL 544320
  V01_SWEEP_DIRECT_TOTAL 375272
  V01_SWEEP_ROUNDS 2
  V01_SWEEP_INPUT 109000000000000000000000
  V01_SWEEP_REFERENCE_TOTAL 544320
  V01_SWEEP_DIRECT_TOTAL 375272
  V01_SWEEP_ROUNDS 2
  V01_SWEEP_INPUT 110000000000000000000000
  V01_SWEEP_REFERENCE_TOTAL 544321
  V01_SWEEP_DIRECT_TOTAL 375274
  V01_SWEEP_ROUNDS 2
  V01_SWEEP_INPUT 111000000000000000000000
  V01_SWEEP_REFERENCE_TOTAL 544323
  V01_SWEEP_DIRECT_TOTAL 375274
  V01_SWEEP_ROUNDS 2
  V01_SWEEP_INPUT 112000000000000000000000
  V01_SWEEP_REFERENCE_TOTAL 544312
  V01_SWEEP_DIRECT_TOTAL 375264
  V01_SWEEP_ROUNDS 2
  V01_SWEEP_INPUT 113000000000000000000000
  V01_SWEEP_REFERENCE_TOTAL 544324
  V01_SWEEP_DIRECT_TOTAL 375277
  V01_SWEEP_ROUNDS 2
  V01_SWEEP_INPUT 114000000000000000000000
  V01_SWEEP_REFERENCE_TOTAL 544326
  V01_SWEEP_DIRECT_TOTAL 375277
  V01_SWEEP_ROUNDS 2
  V01_SWEEP_INPUT 115000000000000000000000
  V01_SWEEP_REFERENCE_TOTAL 544326
  V01_SWEEP_DIRECT_TOTAL 375278
  V01_SWEEP_ROUNDS 2
  V01_SWEEP_INPUT 116000000000000000000000
  V01_SWEEP_REFERENCE_TOTAL 544328
  V01_SWEEP_DIRECT_TOTAL 375280
  V01_SWEEP_ROUNDS 2
  V01_SWEEP_INPUT 117000000000000000000000
  V01_SWEEP_REFERENCE_TOTAL 544328
  V01_SWEEP_DIRECT_TOTAL 375280
  V01_SWEEP_ROUNDS 2
  V01_SWEEP_INPUT 118000000000000000000000
  V01_SWEEP_REFERENCE_TOTAL 544330
  V01_SWEEP_DIRECT_TOTAL 375282
  V01_SWEEP_ROUNDS 2
  V01_SWEEP_INPUT 119000000000000000000000
  V01_SWEEP_REFERENCE_TOTAL 544318
  V01_SWEEP_DIRECT_TOTAL 375271
  V01_SWEEP_ROUNDS 2
  V01_SWEEP_INPUT 120000000000000000000000
  V01_SWEEP_REFERENCE_TOTAL 544319
  V01_SWEEP_DIRECT_TOTAL 375272
  V01_SWEEP_ROUNDS 2
  V01_SWEEP_INPUT 121000000000000000000000
  V01_SWEEP_REFERENCE_TOTAL 544332
  V01_SWEEP_DIRECT_TOTAL 375284
  V01_SWEEP_ROUNDS 2
  V01_SWEEP_INPUT 122000000000000000000000
  V01_SWEEP_REFERENCE_TOTAL 544333
  V01_SWEEP_DIRECT_TOTAL 375285
  V01_SWEEP_ROUNDS 2
  V01_SWEEP_INPUT 123000000000000000000000
  V01_SWEEP_REFERENCE_TOTAL 544334
  V01_SWEEP_DIRECT_TOTAL 375286
  V01_SWEEP_ROUNDS 2
  V01_SWEEP_INPUT 124000000000000000000000
  V01_SWEEP_REFERENCE_TOTAL 544335
  V01_SWEEP_DIRECT_TOTAL 375287
  V01_SWEEP_ROUNDS 2
  V01_SWEEP_INPUT 125000000000000000000000
  V01_SWEEP_REFERENCE_TOTAL 544336
  V01_SWEEP_DIRECT_TOTAL 375288
  V01_SWEEP_ROUNDS 2
  V01_SWEEP_INPUT 126000000000000000000000
  V01_SWEEP_REFERENCE_TOTAL 544337
  V01_SWEEP_DIRECT_TOTAL 375289
  V01_SWEEP_ROUNDS 2
  V01_SWEEP_INPUT 127000000000000000000000
  V01_SWEEP_REFERENCE_TOTAL 544338
  V01_SWEEP_DIRECT_TOTAL 375290
  V01_SWEEP_ROUNDS 2
  V01_SWEEP_INPUT 128000000000000000000000
  V01_SWEEP_REFERENCE_TOTAL 544327
  V01_SWEEP_DIRECT_TOTAL 375279
  V01_SWEEP_ROUNDS 2
  V01_SWEEP_INPUT 129000000000000000000000
  V01_SWEEP_REFERENCE_TOTAL 544340
  V01_SWEEP_DIRECT_TOTAL 375292
  V01_SWEEP_ROUNDS 2
  V01_SWEEP_INPUT 130000000000000000000000
  V01_SWEEP_REFERENCE_TOTAL 544340
  V01_SWEEP_DIRECT_TOTAL 375293
  V01_SWEEP_ROUNDS 2
  V01_SWEEP_INPUT 131000000000000000000000
  V01_SWEEP_REFERENCE_TOTAL 544342
  V01_SWEEP_DIRECT_TOTAL 375294
  V01_SWEEP_ROUNDS 2
  V01_SWEEP_INPUT 132000000000000000000000
  V01_SWEEP_REFERENCE_TOTAL 544343
  V01_SWEEP_DIRECT_TOTAL 375295
  V01_SWEEP_ROUNDS 2
  V01_SWEEP_INPUT 133000000000000000000000
  V01_SWEEP_REFERENCE_TOTAL 544344
  V01_SWEEP_DIRECT_TOTAL 375296
  V01_SWEEP_ROUNDS 2
  V01_SWEEP_INPUT 134000000000000000000000
  V01_SWEEP_REFERENCE_TOTAL 544345
  V01_SWEEP_DIRECT_TOTAL 375297
  V01_SWEEP_ROUNDS 2
  V01_SWEEP_INPUT 135000000000000000000000
  V01_SWEEP_REFERENCE_TOTAL 544345
  V01_SWEEP_DIRECT_TOTAL 375298
  V01_SWEEP_ROUNDS 2
  V01_SWEEP_INPUT 136000000000000000000000
  V01_SWEEP_REFERENCE_TOTAL 544335
  V01_SWEEP_DIRECT_TOTAL 375287
  V01_SWEEP_ROUNDS 2
  V01_SWEEP_INPUT 137000000000000000000000
  V01_SWEEP_REFERENCE_TOTAL 544348
  V01_SWEEP_DIRECT_TOTAL 375300
  V01_SWEEP_ROUNDS 2
  V01_SWEEP_INPUT 138000000000000000000000
  V01_SWEEP_REFERENCE_TOTAL 544348
  V01_SWEEP_DIRECT_TOTAL 375301
  V01_SWEEP_ROUNDS 2
  V01_SWEEP_INPUT 139000000000000000000000
  V01_SWEEP_REFERENCE_TOTAL 544350
  V01_SWEEP_DIRECT_TOTAL 375301
  V01_SWEEP_ROUNDS 2
  V01_SWEEP_INPUT 140000000000000000000000
  V01_SWEEP_REFERENCE_TOTAL 544350
  V01_SWEEP_DIRECT_TOTAL 375303
  V01_SWEEP_ROUNDS 2
  V01_SWEEP_INPUT 141000000000000000000000
  V01_SWEEP_REFERENCE_TOTAL 544352
  V01_SWEEP_DIRECT_TOTAL 375304
  V01_SWEEP_ROUNDS 2
  V01_SWEEP_INPUT 142000000000000000000000
  V01_SWEEP_REFERENCE_TOTAL 544352
  V01_SWEEP_DIRECT_TOTAL 375304
  V01_SWEEP_ROUNDS 2
  V01_SWEEP_INPUT 143000000000000000000000
  V01_SWEEP_REFERENCE_TOTAL 544353
  V01_SWEEP_DIRECT_TOTAL 375305
  V01_SWEEP_ROUNDS 2
  V01_SWEEP_INPUT 144000000000000000000000
  V01_SWEEP_REFERENCE_TOTAL 544343
  V01_SWEEP_DIRECT_TOTAL 375295
  V01_SWEEP_ROUNDS 2
  V01_SWEEP_INPUT 145000000000000000000000
  V01_SWEEP_REFERENCE_TOTAL 544355
  V01_SWEEP_DIRECT_TOTAL 375308
  V01_SWEEP_ROUNDS 2
  V01_SWEEP_INPUT 146000000000000000000000
  V01_SWEEP_REFERENCE_TOTAL 544356
  V01_SWEEP_DIRECT_TOTAL 375308
  V01_SWEEP_ROUNDS 2
  V01_SWEEP_INPUT 147000000000000000000000
  V01_SWEEP_REFERENCE_TOTAL 544357
  V01_SWEEP_DIRECT_TOTAL 375310
  V01_SWEEP_ROUNDS 2
  V01_SWEEP_INPUT 148000000000000000000000
  V01_SWEEP_REFERENCE_TOTAL 544358
  V01_SWEEP_DIRECT_TOTAL 375311
  V01_SWEEP_ROUNDS 2
  V01_SWEEP_INPUT 149000000000000000000000
  V01_SWEEP_REFERENCE_TOTAL 544360
  V01_SWEEP_DIRECT_TOTAL 375312
  V01_SWEEP_ROUNDS 2
  V01_SWEEP_INPUT 150000000000000000000000
  V01_SWEEP_REFERENCE_TOTAL 544360
  V01_SWEEP_DIRECT_TOTAL 375312
  V01_SWEEP_ROUNDS 2
  V01_SWEEP_INPUT 151000000000000000000000
  V01_SWEEP_REFERENCE_TOTAL 544361
  V01_SWEEP_DIRECT_TOTAL 375314
  V01_SWEEP_ROUNDS 2
  V01_SWEEP_INPUT 152000000000000000000000
  V01_SWEEP_REFERENCE_TOTAL 544350
  V01_SWEEP_DIRECT_TOTAL 375302
  V01_SWEEP_ROUNDS 2
  V01_SWEEP_INPUT 153000000000000000000000
  V01_SWEEP_REFERENCE_TOTAL 544363
  V01_SWEEP_DIRECT_TOTAL 375315
  V01_SWEEP_ROUNDS 2
  V01_SWEEP_INPUT 154000000000000000000000
  V01_SWEEP_REFERENCE_TOTAL 544364
  V01_SWEEP_DIRECT_TOTAL 375316
  V01_SWEEP_ROUNDS 2
  V01_SWEEP_INPUT 155000000000000000000000
  V01_SWEEP_REFERENCE_TOTAL 544365
  V01_SWEEP_DIRECT_TOTAL 375318
  V01_SWEEP_ROUNDS 2
  V01_SWEEP_INPUT 156000000000000000000000
  V01_SWEEP_REFERENCE_TOTAL 544366
  V01_SWEEP_DIRECT_TOTAL 375318
  V01_SWEEP_ROUNDS 2
  V01_SWEEP_INPUT 157000000000000000000000
  V01_SWEEP_REFERENCE_TOTAL 544367
  V01_SWEEP_DIRECT_TOTAL 375319
  V01_SWEEP_ROUNDS 2
  V01_SWEEP_INPUT 158000000000000000000000
  V01_SWEEP_REFERENCE_TOTAL 544368
  V01_SWEEP_DIRECT_TOTAL 375320
  V01_SWEEP_ROUNDS 2
  V01_SWEEP_INPUT 159000000000000000000000
  V01_SWEEP_REFERENCE_TOTAL 544369
  V01_SWEEP_DIRECT_TOTAL 375321
  V01_SWEEP_ROUNDS 2
  V01_SWEEP_INPUT 160000000000000000000000
  V01_SWEEP_REFERENCE_TOTAL 544358
  V01_SWEEP_DIRECT_TOTAL 375310
  V01_SWEEP_ROUNDS 2
  V01_SWEEP_INPUT 161000000000000000000000
  V01_SWEEP_REFERENCE_TOTAL 544370
  V01_SWEEP_DIRECT_TOTAL 375323
  V01_SWEEP_ROUNDS 2
  V01_SWEEP_INPUT 162000000000000000000000
  V01_SWEEP_REFERENCE_TOTAL 544372
  V01_SWEEP_DIRECT_TOTAL 375324
  V01_SWEEP_ROUNDS 2
  V01_SWEEP_INPUT 163000000000000000000000
  V01_SWEEP_REFERENCE_TOTAL 544372
  V01_SWEEP_DIRECT_TOTAL 375325
  V01_SWEEP_ROUNDS 2
  V01_SWEEP_INPUT 164000000000000000000000
  V01_SWEEP_REFERENCE_TOTAL 544374
  V01_SWEEP_DIRECT_TOTAL 375326
  V01_SWEEP_ROUNDS 2
  V01_SWEEP_INPUT 165000000000000000000000
  V01_SWEEP_REFERENCE_TOTAL 544362
  V01_SWEEP_DIRECT_TOTAL 375315
  V01_SWEEP_ROUNDS 2
  V01_SWEEP_INPUT 166000000000000000000000
  V01_SWEEP_REFERENCE_TOTAL 544376
  V01_SWEEP_DIRECT_TOTAL 375328
  V01_SWEEP_ROUNDS 2
  V01_SWEEP_INPUT 167000000000000000000000
  V01_SWEEP_REFERENCE_TOTAL 544376
  V01_SWEEP_DIRECT_TOTAL 375329
  V01_SWEEP_ROUNDS 2
  V01_SWEEP_INPUT 168000000000000000000000
  V01_SWEEP_REFERENCE_TOTAL 544365
  V01_SWEEP_DIRECT_TOTAL 375318
  V01_SWEEP_ROUNDS 2
  V01_SWEEP_INPUT 169000000000000000000000
  V01_SWEEP_REFERENCE_TOTAL 544379
  V01_SWEEP_DIRECT_TOTAL 375331
  V01_SWEEP_ROUNDS 2
  V01_SWEEP_INPUT 170000000000000000000000
  V01_SWEEP_REFERENCE_TOTAL 544380
  V01_SWEEP_DIRECT_TOTAL 375332
  V01_SWEEP_ROUNDS 2
  V01_SWEEP_INPUT 171000000000000000000000
  V01_SWEEP_REFERENCE_TOTAL 544380
  V01_SWEEP_DIRECT_TOTAL 375333
  V01_SWEEP_ROUNDS 2
  V01_SWEEP_INPUT 172000000000000000000000
  V01_SWEEP_REFERENCE_TOTAL 544381
  V01_SWEEP_DIRECT_TOTAL 375334
  V01_SWEEP_ROUNDS 2
  V01_SWEEP_INPUT 173000000000000000000000
  V01_SWEEP_REFERENCE_TOTAL 544382
  V01_SWEEP_DIRECT_TOTAL 375335
  V01_SWEEP_ROUNDS 2
  V01_SWEEP_INPUT 174000000000000000000000
  V01_SWEEP_REFERENCE_TOTAL 544383
  V01_SWEEP_DIRECT_TOTAL 375336
  V01_SWEEP_ROUNDS 2
  V01_SWEEP_INPUT 175000000000000000000000
  V01_SWEEP_REFERENCE_TOTAL 544384
  V01_SWEEP_DIRECT_TOTAL 375337
  V01_SWEEP_ROUNDS 2
  V01_SWEEP_INPUT 176000000000000000000000
  V01_SWEEP_REFERENCE_TOTAL 544373
  V01_SWEEP_DIRECT_TOTAL 375326
  V01_SWEEP_ROUNDS 2
  V01_SWEEP_INPUT 177000000000000000000000
  V01_SWEEP_REFERENCE_TOTAL 544386
  V01_SWEEP_DIRECT_TOTAL 375338
  V01_SWEEP_ROUNDS 2
  V01_SWEEP_INPUT 178000000000000000000000
  V01_SWEEP_REFERENCE_TOTAL 544387
  V01_SWEEP_DIRECT_TOTAL 375339
  V01_SWEEP_ROUNDS 2
  V01_SWEEP_INPUT 179000000000000000000000
  V01_SWEEP_REFERENCE_TOTAL 544388
  V01_SWEEP_DIRECT_TOTAL 375341
  V01_SWEEP_ROUNDS 2
  V01_SWEEP_INPUT 180000000000000000000000
  V01_SWEEP_REFERENCE_TOTAL 544389
  V01_SWEEP_DIRECT_TOTAL 375341
  V01_SWEEP_ROUNDS 2
  V01_SWEEP_INPUT 181000000000000000000000
  V01_SWEEP_REFERENCE_TOTAL 544390
  V01_SWEEP_DIRECT_TOTAL 375342
  V01_SWEEP_ROUNDS 2
  V01_SWEEP_INPUT 182000000000000000000000
  V01_SWEEP_REFERENCE_TOTAL 544391
  V01_SWEEP_DIRECT_TOTAL 375343
  V01_SWEEP_ROUNDS 2
  V01_SWEEP_INPUT 183000000000000000000000
  V01_SWEEP_REFERENCE_TOTAL 544392
  V01_SWEEP_DIRECT_TOTAL 375344
  V01_SWEEP_ROUNDS 2
  V01_SWEEP_INPUT 184000000000000000000000
  V01_SWEEP_REFERENCE_TOTAL 544381
  V01_SWEEP_DIRECT_TOTAL 375333
  V01_SWEEP_ROUNDS 2
  V01_SWEEP_INPUT 185000000000000000000000
  V01_SWEEP_REFERENCE_TOTAL 544394
  V01_SWEEP_DIRECT_TOTAL 375346
  V01_SWEEP_ROUNDS 2
  V01_SWEEP_INPUT 186000000000000000000000
  V01_SWEEP_REFERENCE_TOTAL 544395
  V01_SWEEP_DIRECT_TOTAL 375347
  V01_SWEEP_ROUNDS 2
  V01_SWEEP_INPUT 187000000000000000000000
  V01_SWEEP_REFERENCE_TOTAL 544396
  V01_SWEEP_DIRECT_TOTAL 375348
  V01_SWEEP_ROUNDS 2
  V01_SWEEP_INPUT 188000000000000000000000
  V01_SWEEP_REFERENCE_TOTAL 544397
  V01_SWEEP_DIRECT_TOTAL 375349
  V01_SWEEP_ROUNDS 2
  V01_SWEEP_INPUT 189000000000000000000000
  V01_SWEEP_REFERENCE_TOTAL 544397
  V01_SWEEP_DIRECT_TOTAL 375350
  V01_SWEEP_ROUNDS 2
  V01_SWEEP_INPUT 190000000000000000000000
  V01_SWEEP_REFERENCE_TOTAL 544399
  V01_SWEEP_DIRECT_TOTAL 375351
  V01_SWEEP_ROUNDS 2
  V01_SWEEP_INPUT 191000000000000000000000
  V01_SWEEP_REFERENCE_TOTAL 544400
  V01_SWEEP_DIRECT_TOTAL 375352
  V01_SWEEP_ROUNDS 2
  V01_SWEEP_INPUT 192000000000000000000000
  V01_SWEEP_REFERENCE_TOTAL 544388
  V01_SWEEP_DIRECT_TOTAL 375341
  V01_SWEEP_ROUNDS 2
  V01_SWEEP_INPUT 193000000000000000000000
  V01_SWEEP_REFERENCE_TOTAL 544401
  V01_SWEEP_DIRECT_TOTAL 375354
  V01_SWEEP_ROUNDS 2
  V01_SWEEP_INPUT 194000000000000000000000
  V01_SWEEP_REFERENCE_TOTAL 544403
  V01_SWEEP_DIRECT_TOTAL 375355
  V01_SWEEP_ROUNDS 2
  V01_SWEEP_INPUT 195000000000000000000000
  V01_SWEEP_REFERENCE_TOTAL 544404
  V01_SWEEP_DIRECT_TOTAL 375356
  V01_SWEEP_ROUNDS 2
  V01_SWEEP_INPUT 196000000000000000000000
  V01_SWEEP_REFERENCE_TOTAL 544405
  V01_SWEEP_DIRECT_TOTAL 375357
  V01_SWEEP_ROUNDS 2
  V01_SWEEP_INPUT 197000000000000000000000
  V01_SWEEP_REFERENCE_TOTAL 544406
  V01_SWEEP_DIRECT_TOTAL 375357
  V01_SWEEP_ROUNDS 2
  V01_SWEEP_INPUT 198000000000000000000000
  V01_SWEEP_REFERENCE_TOTAL 544406
  V01_SWEEP_DIRECT_TOTAL 375358
  V01_SWEEP_ROUNDS 2
  V01_SWEEP_INPUT 199000000000000000000000
  V01_SWEEP_REFERENCE_TOTAL 544407
  V01_SWEEP_DIRECT_TOTAL 375359
  V01_SWEEP_ROUNDS 2
  V01_SWEEP_INPUT 200000000000000000000000
  V01_SWEEP_REFERENCE_TOTAL 544397
  V01_SWEEP_DIRECT_TOTAL 375349
  V01_SWEEP_ROUNDS 2

[PASS] test_ReportV01FrozenGrid() (gas: 6020854)
Logs:
  V01_ROW_KIND grid
  V01_PATH 1
  V01_INPUT 10000000000000000000000
  V01_REFERENCE_ROUNDS 1
  V01_DIRECT_ROUNDS 1
  V01_REFERENCE_ARBITRAGE_SWAPS 3
  V01_REFERENCE_REINJECTIONS 1
  V01_DIRECT_FOLD_CALLS 1
  V01_REFERENCE_EXECUTION_GAS 382790
  V01_DIRECT_EXECUTION_GAS 303168
  V01_REFERENCE_CALLDATA_GAS 1408
  V01_DIRECT_CALLDATA_GAS 1408
  V01_REFERENCE_TOTAL_GAS 405198
  V01_DIRECT_TOTAL_GAS 325576
  V01_ABSOLUTE_GAS_SAVED 79622
  V01_DIRECT_TO_REFERENCE_BPS 8034
  V01_REFERENCE_USER_OUTPUT 3290526781323537662
  V01_DIRECT_USER_OUTPUT 3290526781323537662
  V01_REFERENCE_EXTERNAL_RECIPIENT_REWARD 325783390905445
  V01_DIRECT_EXTERNAL_RECIPIENT_REWARD 325783390905445
  V01_REFERENCE_RESIDUAL 0
  V01_DIRECT_RESIDUAL 0
  V01_REFERENCE_AB_A 330641290468338554407
  V01_REFERENCE_AB_B 1008177303805779970593973
  V01_REFERENCE_BC_B 1001822696194220029406027
  V01_REFERENCE_BC_C 998186068222171010282649
  V01_REFERENCE_AC_A 332734523633613669152
  V01_REFERENCE_AC_C 1001813931777828989717351
  V01_DIRECT_AB_A 330641290468338554407
  V01_DIRECT_AB_B 1008177303805779970593973
  V01_DIRECT_BC_B 1001822696194220029406027
  V01_DIRECT_BC_C 998186068222171010282649
  V01_DIRECT_AC_A 332734523633613669152
  V01_DIRECT_AC_C 1001813931777828989717351
  V01_EQUIVALENCE_TOLERANCE 0
  V01_ROW_END 1
  V01_ROW_KIND grid
  V01_PATH 1
  V01_INPUT 25000000000000000000000
  V01_REFERENCE_ROUNDS 1
  V01_DIRECT_ROUNDS 1
  V01_REFERENCE_ARBITRAGE_SWAPS 3
  V01_REFERENCE_REINJECTIONS 1
  V01_DIRECT_FOLD_CALLS 1
  V01_REFERENCE_EXECUTION_GAS 384909
  V01_DIRECT_EXECUTION_GAS 305287
  V01_REFERENCE_CALLDATA_GAS 1408
  V01_DIRECT_CALLDATA_GAS 1408
  V01_REFERENCE_TOTAL_GAS 407317
  V01_DIRECT_TOTAL_GAS 327695
  V01_ABSOLUTE_GAS_SAVED 79622
  V01_DIRECT_TO_REFERENCE_BPS 8045
  V01_REFERENCE_USER_OUTPUT 8106284199656885463
  V01_DIRECT_USER_OUTPUT 8106284199656885463
  V01_REFERENCE_EXTERNAL_RECIPIENT_REWARD 4444159189523040
  V01_DIRECT_EXTERNAL_RECIPIENT_REWARD 4444159189523040
  V01_REFERENCE_RESIDUAL 99728437921
  V01_DIRECT_RESIDUAL 99728437921
  V01_REFERENCE_AB_A 327410521761206737556
  V01_REFERENCE_AB_B 1018184733661800803914627
  V01_REFERENCE_BC_B 1006815266338199196085373
  V01_REFERENCE_BC_C 993251037450167193118442
  V01_REFERENCE_AC_A 331145416546613520607
  V01_REFERENCE_AC_C 1006748962549832806881558
  V01_DIRECT_AB_A 327410521761206737556
  V01_DIRECT_AB_B 1018184733661800803914627
  V01_DIRECT_BC_B 1006815266338199196085373
  V01_DIRECT_BC_C 993251037450167193118442
  V01_DIRECT_AC_A 331145416546613520607
  V01_DIRECT_AC_C 1006748962549832806881558
  V01_EQUIVALENCE_TOLERANCE 0
  V01_ROW_END 1
  V01_ROW_KIND grid
  V01_PATH 1
  V01_INPUT 50000000000000000000000
  V01_REFERENCE_ROUNDS 2
  V01_DIRECT_ROUNDS 2
  V01_REFERENCE_ARBITRAGE_SWAPS 6
  V01_REFERENCE_REINJECTIONS 2
  V01_DIRECT_FOLD_CALLS 1
  V01_REFERENCE_EXECUTION_GAS 519736
  V01_DIRECT_EXECUTION_GAS 350690
  V01_REFERENCE_CALLDATA_GAS 1408
  V01_DIRECT_CALLDATA_GAS 1408
  V01_REFERENCE_TOTAL_GAS 542144
  V01_DIRECT_TOTAL_GAS 373098
  V01_ABSOLUTE_GAS_SAVED 169046
  V01_DIRECT_TO_REFERENCE_BPS 6881
  V01_REFERENCE_USER_OUTPUT 15827657919385309012
  V01_DIRECT_USER_OUTPUT 15827657919385309012
  V01_REFERENCE_EXTERNAL_RECIPIENT_REWARD 21056280014547246
  V01_DIRECT_EXTERNAL_RECIPIENT_REWARD 21056280014547246
  V01_REFERENCE_RESIDUAL 0
  V01_DIRECT_RESIDUAL 0
  V01_REFERENCE_AB_A 322187579325085305409
  V01_REFERENCE_AB_B 1034786925286680425094090
  V01_REFERENCE_BC_B 1015213074713319574905910
  V01_REFERENCE_BC_C 985059181777123375213562
  V01_REFERENCE_AC_A 328630373142181504999
  V01_REFERENCE_AC_C 1014940818222876624786438
  V01_DIRECT_AB_A 322187579325085305409
  V01_DIRECT_AB_B 1034786925286680425094090
  V01_DIRECT_BC_B 1015213074713319574905910
  V01_DIRECT_BC_C 985059181777123375213562
  V01_DIRECT_AC_A 328630373142181504999
  V01_DIRECT_AC_C 1014940818222876624786438
  V01_EQUIVALENCE_TOLERANCE 0
  V01_ROW_END 1
  V01_ROW_KIND grid
  V01_PATH 1
  V01_INPUT 100000000000000000000000
  V01_REFERENCE_ROUNDS 2
  V01_DIRECT_ROUNDS 2
  V01_REFERENCE_ARBITRAGE_SWAPS 6
  V01_REFERENCE_REINJECTIONS 2
  V01_DIRECT_FOLD_CALLS 1
  V01_REFERENCE_EXECUTION_GAS 519748
  V01_DIRECT_EXECUTION_GAS 350702
  V01_REFERENCE_CALLDATA_GAS 1408
  V01_DIRECT_CALLDATA_GAS 1408
  V01_REFERENCE_TOTAL_GAS 542156
  V01_DIRECT_TOTAL_GAS 373110
  V01_ABSOLUTE_GAS_SAVED 169046
  V01_DIRECT_TO_REFERENCE_BPS 6881
  V01_REFERENCE_USER_OUTPUT 30220363129338304386
  V01_DIRECT_USER_OUTPUT 30220363129338304386
  V01_REFERENCE_EXTERNAL_RECIPIENT_REWARD 85849039116169484
  V01_DIRECT_EXTERNAL_RECIPIENT_REWARD 85849039116169484
  V01_REFERENCE_RESIDUAL 0
  V01_DIRECT_RESIDUAL 0
  V01_REFERENCE_AB_A 312268112026399995277
  V01_REFERENCE_AB_B 1067843924494458942956337
  V01_REFERENCE_BC_B 1032156075505541057043663
  V01_REFERENCE_BC_C 968936315883453894833065
  V01_REFERENCE_AC_A 324092342471812197519
  V01_REFERENCE_AC_C 1031063684116546105166935
  V01_DIRECT_AB_A 312268112026399995277
  V01_DIRECT_AB_B 1067843924494458942956337
  V01_DIRECT_BC_B 1032156075505541057043663
  V01_DIRECT_BC_C 968936315883453894833065
  V01_DIRECT_AC_A 324092342471812197519
  V01_DIRECT_AC_C 1031063684116546105166935
  V01_EQUIVALENCE_TOLERANCE 0
  V01_ROW_END 1
  V01_ROW_KIND grid
  V01_PATH 1
  V01_INPUT 200000000000000000000000
  V01_REFERENCE_ROUNDS 2
  V01_DIRECT_ROUNDS 2
  V01_REFERENCE_ARBITRAGE_SWAPS 6
  V01_REFERENCE_REINJECTIONS 2
  V01_DIRECT_FOLD_CALLS 1
  V01_REFERENCE_EXECUTION_GAS 519759
  V01_DIRECT_EXECUTION_GAS 350714
  V01_REFERENCE_CALLDATA_GAS 1396
  V01_DIRECT_CALLDATA_GAS 1396
  V01_REFERENCE_TOTAL_GAS 542155
  V01_DIRECT_TOTAL_GAS 373110
  V01_ABSOLUTE_GAS_SAVED 169045
  V01_DIRECT_TO_REFERENCE_BPS 6881
  V01_REFERENCE_USER_OUTPUT 55416597187482630203
  V01_DIRECT_USER_OUTPUT 55416597187482630203
  V01_REFERENCE_EXTERNAL_RECIPIENT_REWARD 310692072234548048
  V01_DIRECT_EXTERNAL_RECIPIENT_REWARD 310692072234548048
  V01_REFERENCE_RESIDUAL 0
  V01_DIRECT_RESIDUAL 0
  V01_REFERENCE_AB_A 294308174361140329184
  V01_REFERENCE_AB_B 1133355849661429459575773
  V01_REFERENCE_BC_B 1066644150338570540424227
  V01_REFERENCE_BC_C 937695805895209862214302
  V01_REFERENCE_AC_A 316631203045809159231
  V01_REFERENCE_AC_C 1062304194104790137785698
  V01_DIRECT_AB_A 294308174361140329184
  V01_DIRECT_AB_B 1133355849661429459575773
  V01_DIRECT_BC_B 1066644150338570540424227
  V01_DIRECT_BC_C 937695805895209862214302
  V01_DIRECT_AC_A 316631203045809159231
  V01_DIRECT_AC_C 1062304194104790137785698
  V01_EQUIVALENCE_TOLERANCE 0
  V01_ROW_END 1

[PASS] test_ReportV01SixPathMatrix() (gas: 6468787)
Logs:
  V01_ROW_KIND path
  V01_PATH 0
  V01_INPUT 2000000000000000000
  V01_REFERENCE_ROUNDS 1
  V01_DIRECT_ROUNDS 1
  V01_REFERENCE_ARBITRAGE_SWAPS 3
  V01_REFERENCE_REINJECTIONS 1
  V01_DIRECT_FOLD_CALLS 1
  V01_REFERENCE_EXECUTION_GAS 382637
  V01_DIRECT_EXECUTION_GAS 303128
  V01_REFERENCE_CALLDATA_GAS 1396
  V01_DIRECT_CALLDATA_GAS 1396
  V01_REFERENCE_TOTAL_GAS 405033
  V01_DIRECT_TOTAL_GAS 325524
  V01_ABSOLUTE_GAS_SAVED 79509
  V01_DIRECT_TO_REFERENCE_BPS 8036
  V01_REFERENCE_USER_OUTPUT 5946428464922831621247
  V01_DIRECT_USER_OUTPUT 5946428464922831621247
  V01_REFERENCE_EXTERNAL_RECIPIENT_REWARD 24022737533150
  V01_DIRECT_EXTERNAL_RECIPIENT_REWARD 24022737533150
  V01_REFERENCE_RESIDUAL 0
  V01_DIRECT_RESIDUAL 0
  V01_REFERENCE_AB_A 335169603943158714397
  V01_REFERENCE_AB_B 994541268482658242394581
  V01_REFERENCE_BC_B 999512303052418925984172
  V01_REFERENCE_BC_C 1000489403121312185975115
  V01_REFERENCE_AC_A 333497038700770419119
  V01_REFERENCE_AC_C 999510596878687814024885
  V01_DIRECT_AB_A 335169603943158714397
  V01_DIRECT_AB_B 994541268482658242394581
  V01_DIRECT_BC_B 999512303052418925984172
  V01_DIRECT_BC_C 1000489403121312185975115
  V01_DIRECT_AC_A 333497038700770419119
  V01_DIRECT_AC_C 999510596878687814024885
  V01_EQUIVALENCE_TOLERANCE 0
  V01_ROW_END 1
  V01_ROW_KIND path
  V01_PATH 1
  V01_INPUT 5000000000000000000000
  V01_REFERENCE_ROUNDS 1
  V01_DIRECT_ROUNDS 1
  V01_REFERENCE_ARBITRAGE_SWAPS 3
  V01_REFERENCE_REINJECTIONS 1
  V01_DIRECT_FOLD_CALLS 1
  V01_REFERENCE_EXECUTION_GAS 382800
  V01_DIRECT_EXECUTION_GAS 303179
  V01_REFERENCE_CALLDATA_GAS 1408
  V01_DIRECT_CALLDATA_GAS 1408
  V01_REFERENCE_TOTAL_GAS 405208
  V01_DIRECT_TOTAL_GAS 325587
  V01_ABSOLUTE_GAS_SAVED 79621
  V01_DIRECT_TO_REFERENCE_BPS 8035
  V01_REFERENCE_USER_OUTPUT 1653424346300359375
  V01_DIRECT_USER_OUTPUT 1653424346300359375
  V01_REFERENCE_EXTERNAL_RECIPIENT_REWARD 2484675942259
  V01_DIRECT_EXTERNAL_RECIPIENT_REWARD 2484675942259
  V01_REFERENCE_RESIDUAL 0
  V01_DIRECT_RESIDUAL 0
  V01_REFERENCE_AB_A 331732391725174033793
  V01_REFERENCE_AB_B 1004841477821741116668186
  V01_REFERENCE_BC_B 1000158522178258883331814
  V01_REFERENCE_BC_C 999841978363060190751968
  V01_REFERENCE_AC_A 333280848110516331239
  V01_REFERENCE_AC_C 1000158021636939809248032
  V01_DIRECT_AB_A 331732391725174033793
  V01_DIRECT_AB_B 1004841477821741116668186
  V01_DIRECT_BC_B 1000158522178258883331814
  V01_DIRECT_BC_C 999841978363060190751968
  V01_DIRECT_AC_A 333280848110516331239
  V01_DIRECT_AC_C 1000158021636939809248032
  V01_EQUIVALENCE_TOLERANCE 0
  V01_ROW_END 1
  V01_ROW_KIND path
  V01_PATH 2
  V01_INPUT 5000000000000000000000
  V01_REFERENCE_ROUNDS 1
  V01_DIRECT_ROUNDS 1
  V01_REFERENCE_ARBITRAGE_SWAPS 3
  V01_REFERENCE_REINJECTIONS 1
  V01_DIRECT_FOLD_CALLS 1
  V01_REFERENCE_EXECUTION_GAS 382797
  V01_DIRECT_EXECUTION_GAS 303426
  V01_REFERENCE_CALLDATA_GAS 1420
  V01_DIRECT_CALLDATA_GAS 1420
  V01_REFERENCE_TOTAL_GAS 405217
  V01_DIRECT_TOTAL_GAS 325846
  V01_ABSOLUTE_GAS_SAVED 79371
  V01_DIRECT_TO_REFERENCE_BPS 8041
  V01_REFERENCE_USER_OUTPUT 4960273038901078125544
  V01_DIRECT_USER_OUTPUT 4960273038901078125544
  V01_REFERENCE_EXTERNAL_RECIPIENT_REWARD 2492937602430
  V01_DIRECT_EXTERNAL_RECIPIENT_REWARD 2492937602430
  V01_REFERENCE_RESIDUAL 0
  V01_DIRECT_RESIDUAL 0
  V01_REFERENCE_AB_A 333280673594770619063
  V01_REFERENCE_AB_B 1000158547149103205112768
  V01_REFERENCE_BC_B 1004841452850896794887232
  V01_REFERENCE_BC_C 995197199981106009308406
  V01_REFERENCE_AC_A 333385990578958445173
  V01_REFERENCE_AC_C 999842526979992912566050
  V01_DIRECT_AB_A 333280673594770619063
  V01_DIRECT_AB_B 1000158547149103205112768
  V01_DIRECT_BC_B 1004841452850896794887232
  V01_DIRECT_BC_C 995197199981106009308406
  V01_DIRECT_AC_A 333385990578958445173
  V01_DIRECT_AC_C 999842526979992912566050
  V01_EQUIVALENCE_TOLERANCE 0
  V01_ROW_END 1
  V01_ROW_KIND path
  V01_PATH 3
  V01_INPUT 5000000000000000000000
  V01_REFERENCE_ROUNDS 1
  V01_DIRECT_ROUNDS 1
  V01_REFERENCE_ARBITRAGE_SWAPS 3
  V01_REFERENCE_REINJECTIONS 1
  V01_DIRECT_FOLD_CALLS 1
  V01_REFERENCE_EXECUTION_GAS 382961
  V01_DIRECT_EXECUTION_GAS 303476
  V01_REFERENCE_CALLDATA_GAS 1408
  V01_DIRECT_CALLDATA_GAS 1408
  V01_REFERENCE_TOTAL_GAS 405369
  V01_DIRECT_TOTAL_GAS 325884
  V01_ABSOLUTE_GAS_SAVED 79485
  V01_DIRECT_TO_REFERENCE_BPS 8039
  V01_REFERENCE_USER_OUTPUT 4960273038901078125544
  V01_DIRECT_USER_OUTPUT 4960273038901078125544
  V01_REFERENCE_EXTERNAL_RECIPIENT_REWARD 2492937602430
  V01_DIRECT_EXTERNAL_RECIPIENT_REWARD 2492937602430
  V01_REFERENCE_RESIDUAL 0
  V01_DIRECT_RESIDUAL 0
  V01_REFERENCE_AB_A 333385990578958445173
  V01_REFERENCE_AB_B 999842526979992912566050
  V01_REFERENCE_BC_B 995197199981106009308406
  V01_REFERENCE_BC_C 1004841452850896794887232
  V01_REFERENCE_AC_A 333280673594770619063
  V01_REFERENCE_AC_C 1000158547149103205112768
  V01_DIRECT_AB_A 333385990578958445173
  V01_DIRECT_AB_B 999842526979992912566050
  V01_DIRECT_BC_B 995197199981106009308406
  V01_DIRECT_BC_C 1004841452850896794887232
  V01_DIRECT_AC_A 333280673594770619063
  V01_DIRECT_AC_C 1000158547149103205112768
  V01_EQUIVALENCE_TOLERANCE 0
  V01_ROW_END 1
  V01_ROW_KIND path
  V01_PATH 4
  V01_INPUT 2000000000000000000
  V01_REFERENCE_ROUNDS 1
  V01_DIRECT_ROUNDS 1
  V01_REFERENCE_ARBITRAGE_SWAPS 3
  V01_REFERENCE_REINJECTIONS 1
  V01_DIRECT_FOLD_CALLS 1
  V01_REFERENCE_EXECUTION_GAS 383076
  V01_DIRECT_EXECUTION_GAS 303730
  V01_REFERENCE_CALLDATA_GAS 1396
  V01_DIRECT_CALLDATA_GAS 1396
  V01_REFERENCE_TOTAL_GAS 405472
  V01_DIRECT_TOTAL_GAS 326126
  V01_ABSOLUTE_GAS_SAVED 79346
  V01_DIRECT_TO_REFERENCE_BPS 8043
  V01_REFERENCE_USER_OUTPUT 5946428464922831621247
  V01_DIRECT_USER_OUTPUT 5946428464922831621247
  V01_REFERENCE_EXTERNAL_RECIPIENT_REWARD 24022737533150
  V01_DIRECT_EXTERNAL_RECIPIENT_REWARD 24022737533150
  V01_REFERENCE_RESIDUAL 0
  V01_DIRECT_RESIDUAL 0
  V01_REFERENCE_AB_A 333497038700770419119
  V01_REFERENCE_AB_B 999510596878687814024885
  V01_REFERENCE_BC_B 1000489403121312185975115
  V01_REFERENCE_BC_C 999512303052418925984172
  V01_REFERENCE_AC_A 335169603943158714397
  V01_REFERENCE_AC_C 994541268482658242394581
  V01_DIRECT_AB_A 333497038700770419119
  V01_DIRECT_AB_B 999510596878687814024885
  V01_DIRECT_BC_B 1000489403121312185975115
  V01_DIRECT_BC_C 999512303052418925984172
  V01_DIRECT_AC_A 335169603943158714397
  V01_DIRECT_AC_C 994541268482658242394581
  V01_EQUIVALENCE_TOLERANCE 0
  V01_ROW_END 1
  V01_ROW_KIND path
  V01_PATH 5
  V01_INPUT 5000000000000000000000
  V01_REFERENCE_ROUNDS 1
  V01_DIRECT_ROUNDS 1
  V01_REFERENCE_ARBITRAGE_SWAPS 3
  V01_REFERENCE_REINJECTIONS 1
  V01_DIRECT_FOLD_CALLS 1
  V01_REFERENCE_EXECUTION_GAS 383001
  V01_DIRECT_EXECUTION_GAS 303768
  V01_REFERENCE_CALLDATA_GAS 1408
  V01_DIRECT_CALLDATA_GAS 1408
  V01_REFERENCE_TOTAL_GAS 405409
  V01_DIRECT_TOTAL_GAS 326176
  V01_ABSOLUTE_GAS_SAVED 79233
  V01_DIRECT_TO_REFERENCE_BPS 8045
  V01_REFERENCE_USER_OUTPUT 1653424346300359375
  V01_DIRECT_USER_OUTPUT 1653424346300359375
  V01_REFERENCE_EXTERNAL_RECIPIENT_REWARD 2484675942259
  V01_DIRECT_EXTERNAL_RECIPIENT_REWARD 2484675942259
  V01_REFERENCE_RESIDUAL 0
  V01_DIRECT_RESIDUAL 0
  V01_REFERENCE_AB_A 333280848110516331239
  V01_REFERENCE_AB_B 1000158021636939809248032
  V01_REFERENCE_BC_B 999841978363060190751968
  V01_REFERENCE_BC_C 1000158522178258883331814
  V01_REFERENCE_AC_A 331732391725174033793
  V01_REFERENCE_AC_C 1004841477821741116668186
  V01_DIRECT_AB_A 333280848110516331239
  V01_DIRECT_AB_B 1000158021636939809248032
  V01_DIRECT_BC_B 999841978363060190751968
  V01_DIRECT_BC_C 1000158522178258883331814
  V01_DIRECT_AC_A 331732391725174033793
  V01_DIRECT_AC_C 1004841477821741116668186
  V01_EQUIVALENCE_TOLERANCE 0
  V01_ROW_END 1

Suite result: ok. 4 passed; 0 failed; 0 skipped; finished in <elapsed>

Ran 1 test suite in <elapsed>: 4 tests passed, 0 failed, 0 skipped (4 total tests)
